---
source: crates/umc_parser/src/html5/lexer/lexe.rs
expression: "format!(\"Source: {:#?}; \\nErrors:{:#?}\", SOURCE_TEXT,\nlexer.errors.get(0).unwrap())"
---
Source: " class=\"w-full"; 
Errors:OxcDiagnostic {
    inner: OxcDiagnosticInner {
        message: "Expected \", but found EOF",
        labels: Some(
            [
                LabeledSpan {
                    label: Some(
                        "Expected \", but found EOF",
                    ),
                    span: SourceSpan {
                        offset: SourceOffset(
                            13,
                        ),
                        length: 1,
                    },
                    primary: false,
                },
            ],
        ),
        help: None,
        severity: Error,
        code: OxcCode {
            scope: None,
            number: None,
        },
        url: None,
    },
}
