---
source: languages/html/umc_html_parser/src/lexer/lexe.rs
expression: "format!(\"Source: {:#?}; \\nTokens:{:#?}\", SOURCE_TEXT, tokens)"
---
Source: " class=\"w-full h-full\" p-1\n 复杂字段测试 /test \"alpha\"\n       />"; 
Tokens:[
    Html5Token {
        kind: Whitespace,
        start: 0,
        end: 1,
    },
    Html5Token {
        kind: Attribute,
        start: 1,
        end: 6,
    },
    Html5Token {
        kind: Eq,
        start: 6,
        end: 7,
    },
    Html5Token {
        kind: Attribute,
        start: 7,
        end: 22,
    },
    Html5Token {
        kind: Whitespace,
        start: 22,
        end: 23,
    },
    Html5Token {
        kind: Attribute,
        start: 23,
        end: 26,
    },
    Html5Token {
        kind: Whitespace,
        start: 26,
        end: 28,
    },
    Html5Token {
        kind: Attribute,
        start: 28,
        end: 46,
    },
    Html5Token {
        kind: Whitespace,
        start: 46,
        end: 47,
    },
    Html5Token {
        kind: Attribute,
        start: 47,
        end: 52,
    },
    Html5Token {
        kind: Whitespace,
        start: 52,
        end: 53,
    },
    Html5Token {
        kind: Attribute,
        start: 53,
        end: 60,
    },
    Html5Token {
        kind: Whitespace,
        start: 60,
        end: 68,
    },
    Html5Token {
        kind: SelfCloseTagEnd,
        start: 68,
        end: 70,
    },
    Html5Token {
        kind: Eof,
        start: 70,
        end: 70,
    },
]
