---
source: languages/html/umc_html_parser/src/lexer/mod.rs
expression: test(HTML_STRING)
---
Tokens: [
    Token {
        kind: TextContent,
        start: 0,
        end: 1,
    },
    Token {
        kind: TagStart,
        start: 1,
        end: 2,
    },
    Token {
        kind: ElementName,
        start: 2,
        end: 6,
    },
    Token {
        kind: Whitespace,
        start: 6,
        end: 7,
    },
    Token {
        kind: Attribute,
        start: 7,
        end: 11,
    },
    Token {
        kind: Eq,
        start: 11,
        end: 12,
    },
    Token {
        kind: Attribute,
        start: 12,
        end: 16,
    },
    Token {
        kind: TagEnd,
        start: 16,
        end: 17,
    },
    Token {
        kind: TextContent,
        start: 17,
        end: 18,
    },
    Token {
        kind: TagStart,
        start: 18,
        end: 19,
    },
    Token {
        kind: ElementName,
        start: 19,
        end: 23,
    },
    Token {
        kind: TagEnd,
        start: 23,
        end: 24,
    },
    Token {
        kind: TextContent,
        start: 24,
        end: 27,
    },
    Token {
        kind: TagStart,
        start: 27,
        end: 28,
    },
    Token {
        kind: ElementName,
        start: 28,
        end: 34,
    },
    Token {
        kind: Whitespace,
        start: 34,
        end: 35,
    },
    Token {
        kind: SelfCloseTagEnd,
        start: 35,
        end: 37,
    },
    Token {
        kind: TextContent,
        start: 37,
        end: 38,
    },
    Token {
        kind: CloseTagStart,
        start: 38,
        end: 40,
    },
    Token {
        kind: ElementName,
        start: 40,
        end: 44,
    },
    Token {
        kind: TagEnd,
        start: 44,
        end: 45,
    },
    Token {
        kind: TextContent,
        start: 45,
        end: 46,
    },
    Token {
        kind: CloseTagStart,
        start: 46,
        end: 48,
    },
    Token {
        kind: ElementName,
        start: 48,
        end: 52,
    },
    Token {
        kind: TagEnd,
        start: 52,
        end: 53,
    },
    Token {
        kind: Eof,
        start: 53,
        end: 53,
    },
]
Errors: []
